// Jest Snapshot v1, https://goo.gl/fbAQLP

exports[`Card Component Renderizar com os props obrigatorios 1`] = `
<div
  class="flex flex-col bg-[#ededed] md:bg-[#f5f5f5] shadow-md rounded-3xl py-12 px-9 xs400:px-12 transition duration-300 ease-in-out transform hover:bg-white mb-10 max-w-lg h-86 hover:shadow-[0_4px_4px_0px_rgba(0,0,0,0.3)]"
  data-testid="card"
>
  <div
    class="mb-4"
    data-testid="card_conteudo"
  >
    <div
      class="flex items-center gap-2"
    >
      <img
        class="min-h-5 max-w-[300px]"
        data-testid="card_conteudo_imagem"
        src="teste.png"
      />
    </div>
    <h1
      class="text-3xl font-bold mt-5 text-secondary"
      data-testid="card_conteudo_titulo"
    >
      Titulo Teste
    </h1>
    <p
      class="text-secondary text-base mt-5 hyphens-auto text-justify "
      data-testid="card_conteudo_descricao"
    >
      Descrição Teste
    </p>
  </div>
  <div
    class="flex justify-center items-center mt-auto"
    data-testid="card_botao"
  >
    <a
      class="flex gap-4 bg-secondary hover:bg-white hover:cursor-pointer hover:text-secondary hover:border hover:border-secondary text-white font-bold py-2 px-5 xs400:px-10 rounded-tr-3xl rounded-bl-2xl transition-all duration-300 ease-in-out"
      data-testid="card_botao_link"
      href="http://localhost/"
      target="_blank"
    >
      Acesse aqui
      <svg
        fill="currentColor"
        height="24"
        viewBox="0 0 256 256"
        width="24"
        xmlns="http://www.w3.org/2000/svg"
      >
        <path
          d="M221.66,133.66l-72,72a8,8,0,0,1-11.32-11.32L196.69,136H40a8,8,0,0,1,0-16H196.69L138.34,61.66a8,8,0,0,1,11.32-11.32l72,72A8,8,0,0,1,221.66,133.66Z"
        />
      </svg>
    </a>
  </div>
</div>
`;
